// Jest Snapshot v1, https://goo.gl/fbAQLP

exports[`OutputList should render correctly 1`] = `<DocumentFragment />`;
