// Jest Snapshot v1, https://goo.gl/fbAQLP

exports[`Title should render correctly 1`] = `
<DocumentFragment>
  <span
    class="MuiBox-root css-79gg1z"
  >
    <div
      aria-label="Field name"
      class="MuiFormControl-root MuiTextField-root css-16gbbyj-MuiFormControl-root-MuiTextField-root"
    >
      <div
        class="MuiInputBase-root MuiInput-root MuiInput-underline MuiInputBase-colorPrimary MuiInputBase-formControl css-v4u5dn-MuiInputBase-root-MuiInput-root"
      >
        <input
          aria-invalid="false"
          class="MuiInputBase-input MuiInput-input css-1x51dt5-MuiInputBase-input-MuiInput-input"
          id="standard-basic"
          placeholder="Enter Project Name"
          type="text"
          value="Sprint Planner"
        />
      </div>
    </div>
    <button
      class="MuiButtonBase-root MuiIconButton-root MuiIconButton-sizeMedium css-78trlr-MuiButtonBase-root-MuiIconButton-root"
      tabindex="0"
      type="button"
    >
      <svg
        aria-hidden="true"
        class="MuiSvgIcon-root MuiSvgIcon-fontSizeMedium css-i4bv87-MuiSvgIcon-root"
        data-testid="EditIcon"
        focusable="false"
        viewBox="0 0 24 24"
      >
        <path
          d="M3 17.25V21h3.75L17.81 9.94l-3.75-3.75L3 17.25zM20.71 7.04c.39-.39.39-1.02 0-1.41l-2.34-2.34a.9959.9959 0 0 0-1.41 0l-1.83 1.83 3.75 3.75 1.83-1.83z"
        />
      </svg>
      <span
        class="MuiTouchRipple-root css-8je8zh-MuiTouchRipple-root"
      />
    </button>
  </span>
</DocumentFragment>
`;
