// Jest Snapshot v1, https://goo.gl/fbAQLP

exports[`Home should render successfully 1`] = `
<DocumentFragment>
  <div
    class="home"
  >
    <h1>
      Home
    </h1>
  </div>
</DocumentFragment>
`;
