// Jest Snapshot v1, https://goo.gl/fbAQLP

exports[`SprintOutput should render correctly 1`] = `
<DocumentFragment>
  <button
    class="MuiButtonBase-root MuiButton-root MuiButton-outlined MuiButton-outlinedPrimary MuiButton-sizeMedium MuiButton-outlinedSizeMedium MuiButton-fullWidth MuiButton-root MuiButton-outlined MuiButton-outlinedPrimary MuiButton-sizeMedium MuiButton-outlinedSizeMedium MuiButton-fullWidth css-x0rgt9-MuiButtonBase-root-MuiButton-root"
    data-testid="modal-button"
    tabindex="0"
    type="button"
  >
    SPRINT 0
    <span
      class="MuiTouchRipple-root css-8je8zh-MuiTouchRipple-root"
    />
  </button>
</DocumentFragment>
`;
