// Jest Snapshot v1, https://goo.gl/fbAQLP

exports[`ValidationModal should render correctly 1`] = `<DocumentFragment />`;
